INCLUDING DEPENDENCY MoveStdlib
INCLUDING DEPENDENCY Sui
BUILDING loot_box
sui : [0m[1m[38;5;11mwarni
ng[W02021][0m[1m: 
duplicate alias[0m
At line:1 char:1
+ sui move test > 
test_output.txt 2>&1
+ ~~~~~~~~~~~~~~~~~~~~~~~~~~~
~~~~~~~~~
    + CategoryInfo           
   : NotSpecified: ([0m[1  
  m[38;5;...icate alias[   
 0m:String) [], RemoteExc    
eption
    + FullyQualifiedErrorId  
   : NativeCommandError
 
   [0m[36mΓöîΓöÇ[0m 
.\sources\loot_box.move:12:23
   [0m[36mΓöé[0m
[0m[36m12[0m 
[0m[36mΓöé[0m     use sui:
:object::{[0m[33mSelf[0m, 
UID, ID};
   [0m[36mΓöé[0m          
             
[0m[33m^^^^[0m 
[0m[33mUnnecessary alias 
'object' for module 
'sui::object'. This alias is 
provided by default[0m
   [0m[36mΓöé[0m
   [0m[36m=[0m This 
warning can be suppressed 
with 
'#[allow(duplicate_alias)]' 
applied to the 'module' or 
module member ('const', 
'fun', or 'struct')

[0m[1m[38;5;11mwarning[W02
021][0m[1m: duplicate 
alias[0m
   [0m[36mΓöîΓöÇ[0m 
.\sources\loot_box.move:12:29
   [0m[36mΓöé[0m
[0m[36m12[0m 
[0m[36mΓöé[0m     use 
sui::object::{Self, 
[0m[33mUID[0m, ID};
   [0m[36mΓöé[0m          
                   
[0m[33m^^^[0m 
[0m[33mUnnecessary alias 
'UID' for module member 
'sui::object::UID'. This 
alias is provided by 
default[0m
   [0m[36mΓöé[0m
   [0m[36m=[0m This 
warning can be suppressed 
with 
'#[allow(duplicate_alias)]' 
applied to the 'module' or 
module member ('const', 
'fun', or 'struct')

[0m[1m[38;5;11mwarning[W02
021][0m[1m: duplicate 
alias[0m
   [0m[36mΓöîΓöÇ[0m 
.\sources\loot_box.move:12:34
   [0m[36mΓöé[0m
[0m[36m12[0m 
[0m[36mΓöé[0m     use 
sui::object::{Self, UID, 
[0m[33mID[0m};
   [0m[36mΓöé[0m          
                        
[0m[33m^^[0m 
[0m[33mUnnecessary alias 
'ID' for module member 
'sui::object::ID'. This 
alias is provided by 
default[0m
   [0m[36mΓöé[0m
   [0m[36m=[0m This 
warning can be suppressed 
with 
'#[allow(duplicate_alias)]' 
applied to the 'module' or 
module member ('const', 
'fun', or 'struct')

[0m[1m[38;5;11mwarning[W02
021][0m[1m: duplicate 
alias[0m
   [0m[36mΓöîΓöÇ[0m 
.\sources\loot_box.move:13:14
   [0m[36mΓöé[0m
[0m[36m13[0m 
[0m[36mΓöé[0m     use 
sui::[0m[33mtransfer[0m;
   [0m[36mΓöé[0m          
    [0m[33m^^^^^^^^[0m 
[0m[33mUnnecessary alias 
'transfer' for module 
'sui::transfer'. This alias 
is provided by default[0m
   [0m[36mΓöé[0m
   [0m[36m=[0m This 
warning can be suppressed 
with 
'#[allow(duplicate_alias)]' 
applied to the 'module' or 
module member ('const', 
'fun', or 'struct')

[0m[1m[38;5;11mwarning[W02
021][0m[1m: duplicate 
alias[0m
   [0m[36mΓöîΓöÇ[0m 
.\sources\loot_box.move:14:27
   [0m[36mΓöé[0m
[0m[36m14[0m 
[0m[36mΓöé[0m     use sui:
:tx_context::{[0m[33mSelf[
0m, TxContext};
   [0m[36mΓöé[0m          
                 
[0m[33m^^^^[0m 
[0m[33mUnnecessary alias 
'tx_context' for module 
'sui::tx_context'. This 
alias is provided by 
default[0m
   [0m[36mΓöé[0m
   [0m[36m=[0m This 
warning can be suppressed 
with 
'#[allow(duplicate_alias)]' 
applied to the 'module' or 
module member ('const', 
'fun', or 'struct')

[0m[1m[38;5;11mwarning[W02
021][0m[1m: duplicate 
alias[0m
   [0m[36mΓöîΓöÇ[0m 
.\sources\loot_box.move:14:33
   [0m[36mΓöé[0m
[0m[36m14[0m 
[0m[36mΓöé[0m     use 
sui::tx_context::{Self, 
[0m[33mTxContext[0m};
   [0m[36mΓöé[0m          
                       
[0m[33m^^^^^^^^^[0m 
[0m[33mUnnecessary alias 
'TxContext' for module 
member 'sui::tx_context::TxCo
ntext'. This alias is 
provided by default[0m
   [0m[36mΓöé[0m
   [0m[36m=[0m This 
warning can be suppressed 
with 
'#[allow(duplicate_alias)]' 
applied to the 'module' or 
module member ('const', 
'fun', or 'struct')

[0m[1m[38;5;11mwarning[W09
011][0m[1m: unused 
constant[0m
   [0m[36mΓöîΓöÇ[0m 
.\sources\loot_box.move:21:11
   [0m[36mΓöé[0m
[0m[36m21[0m 
[0m[36mΓöé[0m     const 
[0m[33mENotAdmin[0m: u64 
= 1;
   [0m[36mΓöé[0m          
 [0m[33m^^^^^^^^^[0m 
[0m[33mThe constant 
'ENotAdmin' is never used. 
Consider removing it.[0m
   [0m[36mΓöé[0m
   [0m[36m=[0m This 
warning can be suppressed 
with 
'#[allow(unused_const)]' 
applied to the 'module' or 
module member ('const', 
'fun', or 'struct')

[0m[1m[38;5;11mwarning[Lin
t W99003][0m[1m: 
sub-optimal 
'sui::coin::Coin' field 
type[0m
   [0m[36mΓöîΓöÇ[0m 
.\sources\loot_box.move:58:19
   [0m[36mΓöé[0m
[0m[36m58[0m 
[0m[36mΓöé[0m         
treasury: 
[0m[33mCoin<T>[0m,
   [0m[36mΓöé[0m          
         
[0m[33m^^^^^^^[0m 
[0m[33mSub-optimal 
'sui::coin::Coin' field 
type. Using 
'sui::balance::Balance' 
instead will be more space 
efficient[0m
   [0m[36mΓöé[0m
   [0m[36m=[0m This 
warning can be suppressed 
with 
'#[allow(lint(coin_field))]' 
applied to the 'module' or 
module member ('const', 
'fun', or 'struct')

[0m[1m[38;5;11mwarning[Lin
t W99001][0m[1m: 
non-composable transfer to 
sender[0m
    [0m[36mΓöîΓöÇ[0m 
.\sources\loot_box.move:121:9
    [0m[36mΓöé[0m  
[0m[36m109[0m 
[0m[36mΓöé[0m       
public fun init_game<T>(ctx: 
&mut TxContext) {
    [0m[36mΓöé[0m         
         
[0m[36m---------[0m 
[0m[36mReturning an object 
from a function, allows a 
caller to use the object and 
enables composability via 
programmable 
transactions.[0m
    [0m[36m┬╖[0m  
[0m[36m121[0m 
[0m[36mΓöé[0m 
[0m[33mΓò¡[0m         [0m
[33mtransfer::public_transfe
r([0m
[0m[36m122[0m 
[0m[36mΓöé[0m 
[0m[33mΓöé[0m [0m[33m   
         AdminCap { id: 
object::new(ctx) }, [0m
[0m[36m123[0m 
[0m[36mΓöé[0m 
[0m[33mΓöé[0m [0m[33m   
         
tx_context::sender(ctx)[0m
    [0m[36mΓöé[0m 
[0m[33mΓöé[0m             
[0m[36m--------------------
---[0m [0m[36mTransaction 
sender address coming from 
here[0m
[0m[36m124[0m 
[0m[36mΓöé[0m 
[0m[33mΓöé[0m [0m[33m   
     )[0m;
    [0m[36mΓöé[0m [0m[33
mΓò░[0m[0m[33mΓöÇΓöÇΓöÇΓöÇ
ΓöÇΓöÇΓöÇΓöÇΓöÇ^ Transfer of 
an object to transaction 
sender address[0m
    [0m[36mΓöé[0m  
    [0m[36m=[0m This 
warning can be suppressed 
with '#[allow(lint(self_trans
fer))]' applied to the 
'module' or module member 
('const', 'fun', or 'struct')

[0m[1m[38;5;11mwarning[W09
001][0m[1m: unused 
alias[0m
   [0m[36mΓöîΓöÇ[0m .\test
s\loot_box_tests.move:10:14
   [0m[36mΓöé[0m
[0m[36m10[0m 
[0m[36mΓöé[0m     use 
sui::[0m[33mtest_utils[0m;
   [0m[36mΓöé[0m          
    [0m[33m^^^^^^^^^^[0m 
[0m[33mUnused 'use' of 
alias 'test_utils'. Consider 
removing it[0m
   [0m[36mΓöé[0m
   [0m[36m=[0m This 
warning can be suppressed 
with '#[allow(unused_use)]' 
applied to the 'module' or 
module member ('const', 
'fun', or 'struct')

[0m[1m[38;5;11mwarning[W09
001][0m[1m: unused 
alias[0m
   [0m[36mΓöîΓöÇ[0m .\test
s\loot_box_tests.move:11:58
   [0m[36mΓöé[0m
[0m[36m11[0m 
[0m[36mΓöé[0m     use 
loot_box::loot_box::{Self, 
GameConfig, AdminCap, 
[0m[33mLootBox[0m, 
GameItem};
   [0m[36mΓöé[0m          
                             
                   
[0m[33m^^^^^^^[0m 
[0m[33mUnused 'use' of 
alias 'LootBox'. Consider 
removing it[0m
   [0m[36mΓöé[0m
   [0m[36m=[0m This 
warning can be suppressed 
with '#[allow(unused_use)]' 
applied to the 'module' or 
module member ('const', 
'fun', or 'struct')

Running Move unit tests
[ FAIL    ] loot_box::loot_box_tests::test_burn_item
[ PASS    ] loot_box::loot_box_tests::test_get_item_stats
[ PASS    ] loot_box::loot_box_tests::test_init_game
[ FAIL    ] loot_box::loot_box_tests::test_loot_box_opened_event
[ FAIL    ] loot_box::loot_box_tests::test_open_loot_box
[ PASS    ] loot_box::loot_box_tests::test_purchase_insufficient_payment
[ PASS    ] loot_box::loot_box_tests::test_purchase_loot_box
[ PASS    ] loot_box::loot_box_tests::test_rarity_distribution
[ FAIL    ] loot_box::loot_box_tests::test_transfer_item
[ PASS    ] loot_box::loot_box_tests::test_update_rarity_weights
[ PASS    ] loot_box::loot_box_tests::test_update_weights_invalid_sum

Test failures:

Failures in loot_box::loot_box_tests:

ΓöîΓöÇΓöÇ test_burn_item ΓöÇΓöÇΓöÇΓöÇΓöÇΓöÇ
Γöé error[E11001]: test failure
Γöé    ΓöîΓöÇ C:\Users\Swarup Patil\.move\git\https___github_com_MystenLabs_sui_git_b38bca86f0323b3fe8b6b7f4ca0cd7ae7faebe4b\crates\sui-framework\packages\sui-framework\sources\random.move:43:5
Γöé    Γöé
Γöé 42 Γöé fun create(ctx: &mut TxContext) {
Γöé    Γöé     ------ In this function in sui::random
Γöé 43 Γöé     assert!(ctx.sender() == @0x0, ENotSystemAddress);
Γöé    Γöé     ^^^^^^^^^^^^^^^^^^^^^^^^^^^^^^^^^^^^^^^^^^^^^^^^ Test was not expected to error, but it aborted with code 0 originating in the module sui::random rooted here
Γöé 
Γöé 
ΓööΓöÇΓöÇΓöÇΓöÇΓöÇΓöÇΓöÇΓöÇΓöÇΓöÇΓöÇΓöÇΓöÇΓöÇΓöÇΓöÇΓöÇΓöÇ


ΓöîΓöÇΓöÇ test_loot_box_opened_event ΓöÇΓöÇΓöÇΓöÇΓöÇΓöÇ
Γöé error[E11001]: test failure
Γöé    ΓöîΓöÇ C:\Users\Swarup Patil\.move\git\https___github_com_MystenLabs_sui_git_b38bca86f0323b3fe8b6b7f4ca0cd7ae7faebe4b\crates\sui-framework\packages\sui-framework\sources\random.move:43:5
Γöé    Γöé
Γöé 42 Γöé fun create(ctx: &mut TxContext) {
Γöé    Γöé     ------ In this function in sui::random
Γöé 43 Γöé     assert!(ctx.sender() == @0x0, ENotSystemAddress);
Γöé    Γöé     ^^^^^^^^^^^^^^^^^^^^^^^^^^^^^^^^^^^^^^^^^^^^^^^^ Test was not expected to error, but it aborted with code 0 originating in the module sui::random rooted here
Γöé 
Γöé 
ΓööΓöÇΓöÇΓöÇΓöÇΓöÇΓöÇΓöÇΓöÇΓöÇΓöÇΓöÇΓöÇΓöÇΓöÇΓöÇΓöÇΓöÇΓöÇ


ΓöîΓöÇΓöÇ test_open_loot_box ΓöÇΓöÇΓöÇΓöÇΓöÇΓöÇ
Γöé error[E11001]: test failure
Γöé    ΓöîΓöÇ C:\Users\Swarup Patil\.move\git\https___github_com_MystenLabs_sui_git_b38bca86f0323b3fe8b6b7f4ca0cd7ae7faebe4b\crates\sui-framework\packages\sui-framework\sources\random.move:43:5
Γöé    Γöé
Γöé 42 Γöé fun create(ctx: &mut TxContext) {
Γöé    Γöé     ------ In this function in sui::random
Γöé 43 Γöé     assert!(ctx.sender() == @0x0, ENotSystemAddress);
Γöé    Γöé     ^^^^^^^^^^^^^^^^^^^^^^^^^^^^^^^^^^^^^^^^^^^^^^^^ Test was not expected to error, but it aborted with code 0 originating in the module sui::random rooted here
Γöé 
Γöé 
ΓööΓöÇΓöÇΓöÇΓöÇΓöÇΓöÇΓöÇΓöÇΓöÇΓöÇΓöÇΓöÇΓöÇΓöÇΓöÇΓöÇΓöÇΓöÇ


ΓöîΓöÇΓöÇ test_transfer_item ΓöÇΓöÇΓöÇΓöÇΓöÇΓöÇ
Γöé error[E11001]: test failure
Γöé    ΓöîΓöÇ C:\Users\Swarup Patil\.move\git\https___github_com_MystenLabs_sui_git_b38bca86f0323b3fe8b6b7f4ca0cd7ae7faebe4b\crates\sui-framework\packages\sui-framework\sources\random.move:43:5
Γöé    Γöé
Γöé 42 Γöé fun create(ctx: &mut TxContext) {
Γöé    Γöé     ------ In this function in sui::random
Γöé 43 Γöé     assert!(ctx.sender() == @0x0, ENotSystemAddress);
Γöé    Γöé     ^^^^^^^^^^^^^^^^^^^^^^^^^^^^^^^^^^^^^^^^^^^^^^^^ Test was not expected to error, but it aborted with code 0 originating in the module sui::random rooted here
Γöé 
Γöé 
ΓööΓöÇΓöÇΓöÇΓöÇΓöÇΓöÇΓöÇΓöÇΓöÇΓöÇΓöÇΓöÇΓöÇΓöÇΓöÇΓöÇΓöÇΓöÇ

Test result: FAILED. Total tests: 11; passed: 7; failed: 4
